[pepe20.vip/index.html]
[backblue.gif]
[fade.gif]
[index.html]
[pepe20.vip/indexc0d0.php]
[pepe20.vip/index7b17.php]
[pepe20.vip/templates/cassiopeia/favicon.ico]
[pepe20.vip/media/system/css/joomla-fontawesome.min0892.css]
[pepe20.vip/templates/cassiopeia/css/template.min0892.css]
[pepe20.vip/templates/cassiopeia/css/vendor/joomla-custom-elements/joomla-alert.min44b7.css]
[pepe20.vip/media/com_wrapper/js/iframe-height.min0892.js]
[pepe20.vip/media/system/js/core.mindb7c.js]
[pepe20.vip/templates/cassiopeia/js/template.min0892.js]
[pepe20.vip/media/system/js/messages-es5.minc20e.js]
[pepe20.vip/media/system/js/messages.minae9f.js]
[pepe20.vip/media/smartslider3/src/SmartSlider3/Application/Frontend/Assets/dist/smartslider.minda7d.css]
[pepe20.vip/images/limo.jpg]
[pepe20.vip/media/smartslider3/src/SmartSlider3/Application/Frontend/Assets/dist/n2.minda7d.js]
[pepe20.vip/media/smartslider3/src/SmartSlider3/Slider/SliderType/Block/Assets/dist/ss-block.minda7d.js]
[pepe20.vip/images/tyu.jpg]
[pepe20.vip/media/smartslider3/src/SmartSlider3/Application/Frontend/Assets/dist/smartslider-frontend.minda7d.js]
[pepe20.vip/bg2/index.html]
[pepe20.vip/images/Asset3.png]
[pepe20.vip/images/buffg.svg]
[pepe20.vip/images/br2x.png]
[pepe20.vip/images/dex.png]
[pepe20.vip/images/uni-w.png]
[pepe20.vip/images/scan-w.png]
[pepe20.vip/images/telegram-icon-512x512-z8lb0qsx.png]
[pepe20.vip/images/twi-w.png]
[pepe20.vip/images/Asset6.png]
[pepe20.vip/images/1perc.png]
[pepe20.vip/images/sup.png]
[pepe20.vip/images/renown.png]
[pepe20.vip/images/nft3.jpg]
[pepe20.vip/images/NFT.png]
[pepe20.vip/images/n2.png]
[pepe20.vip/images/n4.png]
[pepe20.vip/images/n1.png]
[pepe20.vip/images/n3.png]
[pepe20.vip/images/locker.jpg]
[pepe20.vip/images/Asset4.png]
[pepe20.vip/images/Asset14500x.png]
[pepe20.vip/images/Leave-10s-1536px.svg]
[pepe20.vip/images/Asset15500x.png]
[pepe20.vip/index.html]
[pepe20.vip/media/vendor/fontawesome-free/webfonts/fa-regular-400.eot]
[pepe20.vip/media/vendor/fontawesome-free/webfonts/fa-regular-400d41d.eot]
[pepe20.vip/media/vendor/fontawesome-free/webfonts/fa-regular-400.woff2]
[pepe20.vip/media/vendor/fontawesome-free/webfonts/fa-regular-400.woff]
[pepe20.vip/media/vendor/fontawesome-free/webfonts/fa-regular-400.ttf]
[pepe20.vip/media/vendor/fontawesome-free/webfonts/fa-regular-400.svg]
[pepe20.vip/media/vendor/fontawesome-free/webfonts/fa-solid-900.eot]
[pepe20.vip/media/vendor/fontawesome-free/webfonts/fa-solid-900d41d.eot]
[pepe20.vip/media/vendor/fontawesome-free/webfonts/fa-solid-900.woff2]
[pepe20.vip/media/vendor/fontawesome-free/webfonts/fa-solid-900.woff]
[pepe20.vip/media/vendor/fontawesome-free/webfonts/fa-solid-900.ttf]
[pepe20.vip/media/vendor/fontawesome-free/webfonts/fa-brands-400.eot]
[pepe20.vip/media/vendor/fontawesome-free/webfonts/fa-solid-900.svg]
[pepe20.vip/media/vendor/fontawesome-free/webfonts/fa-brands-400d41d.eot]
[pepe20.vip/media/vendor/fontawesome-free/webfonts/fa-brands-400.woff2]
[pepe20.vip/media/vendor/fontawesome-free/webfonts/fa-brands-400.woff]
[pepe20.vip/media/vendor/fontawesome-free/webfonts/fa-brands-400.ttf]
[pepe20.vip/media/system/css/joomla-fontawesome.min0892.css]
[pepe20.vip/templates/cassiopeia/css/global/colors_standard.min0892.css]
[pepe20.vip/media/vendor/fontawesome-free/webfonts/fa-brands-400.svg]
[pepe20.vip/templates/cassiopeia/css/template.min0892.css]
[pepe20.vip/media/vendor/joomla-custom-elements/css/joomla-alert.css]
[pepe20.vip/templates/cassiopeia/css/vendor/joomla-custom-elements/joomla-alert.min44b7.css]
[pepe20.vip/media/smartslider3/src/SmartSlider3/Application/Frontend/Assets/dist/smartslider.minda7d.css]
[cdnjs.cloudflare.com/ajax/libs/gsap/3.2.6/gsap.min.js]
[pepe20.vip/bg2/index.html]
[pepe20.vip/images/buffg.svg]
[pepe20.vip/bg2/script.js]
[pepe20.vip/images/Leave-10s-1536px.svg]
[pepe20.vip/media/vendor/fontawesome-free/webfonts/fa-regular-400.svg]
[pepe20.vip/media/vendor/fontawesome-free/webfonts/fa-solid-900.svg]
[pepe20.vip/media/vendor/fontawesome-free/webfonts/fa-brands-400.svg]
[pepe20.vip/templates/cassiopeia/images/select-bg.html]
[pepe20.vip/templates/cassiopeia/images/select-bg-rtl.html]
[pepe20.vip/media/vendor/joomla-custom-elements/css/joomla-alert.css]
[pepe20.vip/bg2/style.css]
[pepe20.vip/images/tkn.png]
[subcrawldew.com/pepe2/bg2/bgbw.jpg]
[subcrawldew.com/pepe2/bg2/bgbws.jpg]
[subcrawldew.com/pepe2/images/p2.png]
